
> yrp@1.3.1 prebuild:addons
> node-gyp configure

node.exe : gyp info 
it worked if it ends 
with ok
At line:1 char:1
+ & "C:\Program Files\
nodejs/node.exe" 
"C:\Program 
Files\nodejs/node_mo 
...
+ ~~~~~~~~~~~~~~~~~~~~
~~~~~~~~~~~~~~~~~~~~~~
~~~~~~~~~~~~~~~~~~~~~~
~~~~~
    + CategoryInfo    
          : NotSpeci  
  fied: (gyp info i   
 t worked if it en    
ds with ok:String    
) [], RemoteExcep    
tion
    + FullyQualifiedE 
   rrorId : NativeCo  
  mmandError
 
gyp info using 
node-gyp@9.1.0
gyp info using 
node@25.2.1 | win32 | 
x64
(node:25616) 
[DEP0060] 
DeprecationWarning: 
The `util._extend` 
API is deprecated. 
Please use 
Object.assign() 
instead.
(Use `node 
--trace-deprecation 
...` to show where 
the warning was 
created)
(node:25616) 
[DEP0190] 
DeprecationWarning: 
Passing args to a 
child process with 
shell option true can 
lead to security 
vulnerabilities, as 
the arguments are not 
escaped, only 
concatenated.
gyp info find Python 
using Python version 
3.13.7 found at "C:\Us
ers\jilde\AppData\Loca
l\Programs\Python\Pyth
on313\python.exe"
gyp ERR! find VS 
gyp ERR! find VS 
msvs_version not set 
from command line or 
npm config
gyp ERR! find VS 
VCINSTALLDIR not set, 
not running in VS 
Command Prompt
gyp ERR! find VS 
unknown version 
"undefined" found at 
"C:\Program 
Files\Microsoft 
Visual 
Studio\18\Community"
gyp ERR! find VS 
could not find a 
version of Visual 
Studio 2017 or newer 
to use
gyp ERR! find VS 
looking for Visual 
Studio 2015
gyp ERR! find VS - 
not found
gyp ERR! find VS not 
looking for VS2013 as 
it is only supported 
up to Node.js 8
gyp ERR! find VS 
gyp ERR! find VS *****
**********************
**********************
*************
gyp ERR! find VS You 
need to install the 
latest version of 
Visual Studio
gyp ERR! find VS 
including the 
"Desktop development 
with C++" workload.
gyp ERR! find VS For 
more information 
consult the 
documentation at:
gyp ERR! find VS https
://github.com/nodejs/n
ode-gyp#on-windows
gyp ERR! find VS *****
**********************
**********************
*************
gyp ERR! find VS 
gyp ERR! configure 
error 
gyp ERR! stack Error: 
Could not find any 
Visual Studio 
installation to use
gyp ERR! stack     at 
VisualStudioFinder.fai
l (C:\Users\jilde\Docu
ments\VSCode-Projects-
main\Apps\yrp\node_mod
ules\node-gyp\lib\find
-visualstudio.js:122:4
7)
gyp ERR! stack     at 
C:\Users\jilde\Documen
ts\VSCode-Projects-mai
n\Apps\yrp\node_module
s\node-gyp\lib\find-vi
sualstudio.js:75:16
gyp ERR! stack     at 
VisualStudioFinder.fin
dVisualStudio2013 (C:\
Users\jilde\Documents\
VSCode-Projects-main\A
pps\yrp\node_modules\n
ode-gyp\lib\find-visua
lstudio.js:364:14)
gyp ERR! stack     at 
C:\Users\jilde\Documen
ts\VSCode-Projects-mai
n\Apps\yrp\node_module
s\node-gyp\lib\find-vi
sualstudio.js:71:14
gyp ERR! stack     at 
C:\Users\jilde\Documen
ts\VSCode-Projects-mai
n\Apps\yrp\node_module
s\node-gyp\lib\find-vi
sualstudio.js:385:16
gyp ERR! stack     at 
C:\Users\jilde\Documen
ts\VSCode-Projects-mai
n\Apps\yrp\node_module
s\node-gyp\lib\util.js
:54:7
gyp ERR! stack     at 
C:\Users\jilde\Documen
ts\VSCode-Projects-mai
n\Apps\yrp\node_module
s\node-gyp\lib\util.js
:33:16
gyp ERR! stack     at 
ChildProcess.exithandl
er (node:child_process
:424:5)
gyp ERR! stack     at 
ChildProcess.emit 
(node:events:508:28)
gyp ERR! stack     at 
maybeClose (node:inter
nal/child_process:1085
:16)
gyp ERR! System 
Windows_NT 10.0.26100
gyp ERR! command 
"C:\\Program Files\\no
dejs\\node.exe" "C:\\U
sers\\jilde\\Documents
\\VSCode-Projects-main
\\Apps\\yrp\\node_modu
les\\node-gyp\\bin\\no
de-gyp.js" "configure"
gyp ERR! cwd C:\Users\
jilde\Documents\VSCode
-Projects-main\Apps\yr
p
gyp ERR! node -v 
v25.2.1
gyp ERR! node-gyp -v 
v9.1.0
gyp ERR! not ok 
