node.exe : C:\Users\jilde\Documents\VSCode-
Projects-main\Apps\yrp\node_modules\ts-node
\src\index.ts:859
At line:1 char:1
+ & "C:\Program Files\nodejs/node.exe" 
"C:\Program Files\nodejs/node_mo ...
+ ~~~~~~~~~~~~~~~~~~~~~~~~~~~~~~~~~~~~~~~~~
~~~~~~~~~~~~~~~~~~~~~~~~~~~~
    + CategoryInfo          : NotSpecified 
   : (C:\Users\jilde\...rc\index.ts:859:S  
  tring) [], RemoteException
    + FullyQualifiedErrorId : NativeComman 
   dError
 
    return new TSError(diagnosticText, 
diagnosticCodes, diagnostics);
           ^
TSError: Γ¿» Unable to compile TypeScript:
src/test_parser.ts(19,41): error TS2339: 
Property 'decode' does not exist on type 
'typeof ReplayDecoder'.

    at createTSError (C:\Users\jilde\Docume
nts\VSCode-Projects-main\Apps\yrp\node_modu
les\ts-node\src\index.ts:859:12)
    at reportTSError (C:\Users\jilde\Docume
nts\VSCode-Projects-main\Apps\yrp\node_modu
les\ts-node\src\index.ts:863:19)
    at getOutput (C:\Users\jilde\Documents\
VSCode-Projects-main\Apps\yrp\node_modules\
ts-node\src\index.ts:1077:36)
    at Object.compile (C:\Users\jilde\Docum
ents\VSCode-Projects-main\Apps\yrp\node_mod
ules\ts-node\src\index.ts:1433:41)
    at Module.m._compile (C:\Users\jilde\Do
cuments\VSCode-Projects-main\Apps\yrp\node_
modules\ts-node\src\index.ts:1617:30)
    at 
node:internal/modules/cjs/loader:1892:10
    at 
Object.require.extensions.<computed> [as 
.ts] (C:\Users\jilde\Documents\VSCode-Proje
cts-main\Apps\yrp\node_modules\ts-node\src\
index.ts:1621:12)
    at Module.load 
(node:internal/modules/cjs/loader:1480:32)
    at Module._load 
(node:internal/modules/cjs/loader:1299:12)
    at TracingChannel.traceSync 
(node:diagnostics_channel:328:14) {
  diagnosticCodes: [ 2339 ]
}
